2026-04-17 13:23:13 | WARNING  | aiogram.dispatcher | Received SIGTERM signal
2026-04-17 13:23:13 | INFO     | aiogram.dispatcher | Polling stopped
2026-04-17 13:23:13 | INFO     | __main__ | Bot stopped.
2026-04-17 13:23:13 | INFO     | apscheduler.scheduler | Scheduler has been shut down
2026-04-17 16:25:36 | INFO     | __main__ | Starting YouTube Anomaly Bot
2026-04-17 16:25:36 | INFO     | __main__ | Database: sqlite+aiosqlite:///./data/bot.db
2026-04-17 16:25:36 | INFO     | __main__ | Admin IDs: [319415227]
2026-04-17 16:25:36 | INFO     | __main__ | Schedule: weekly
2026-04-17 16:25:36 | INFO     | __main__ | Applying Alembic migrations...
2026-04-17 16:25:36 | ERROR    | __main__ | Alembic migration failed: Traceback (most recent call last):
  File "<string>", line 11, in <module>
  File "C:\project\yt_anomaly_bot\.venv\Lib\site-packages\alembic\command.py", line 386, in upgrade
    script = ScriptDirectory.from_config(config)
             ^^^^^^^^^^^^^^^^^^^^^^^^^^^^^^^^^^^
  File "C:\project\yt_anomaly_bot\.venv\Lib\site-packages\alembic\script\base.py", line 168, in from_config
    script_location = config.get_main_option("script_location")
                      ^^^^^^^^^^^^^^^^^^^^^^^^^^^^^^^^^^^^^^^^^
  File "C:\project\yt_anomaly_bot\.venv\Lib\site-packages\alembic\config.py", line 330, in get_main_option
    return self.get_section_option(self.config_ini_section, name, default)
           ^^^^^^^^^^^^^^^^^^^^^^^^^^^^^^^^^^^^^^^^^^^^^^^^^^^^^^^^^^^^^^^
  File "C:\project\yt_anomaly_bot\.venv\Lib\site-packages\alembic\config.py", line 303, in get_section_option
    raise util.CommandError(
alembic.util.exc.CommandError: No config file 'c:\\project\\yt_anomaly_bot\x07lembic.ini' found, or file has no '[alembic]' section

2026-06-18 17:45:47 | INFO     | __main__ | Starting YouTube Anomaly Bot
2026-06-18 17:45:47 | INFO     | __main__ | Database: sqlite+aiosqlite:///./data/bot.db
2026-06-18 17:45:47 | INFO     | __main__ | Admin IDs: [319415227]
2026-06-18 17:45:47 | INFO     | __main__ | Schedule: weekly
2026-06-18 17:45:47 | INFO     | __main__ | Applying Alembic migrations...
2026-06-18 17:45:48 | ERROR    | __main__ | Alembic migration failed: Traceback (most recent call last):
  File "<string>", line 11, in <module>
  File "C:\project\youtube_anomaly_bot\.venv\Lib\site-packages\alembic\command.py", line 386, in upgrade
    script = ScriptDirectory.from_config(config)
             ^^^^^^^^^^^^^^^^^^^^^^^^^^^^^^^^^^^
  File "C:\project\youtube_anomaly_bot\.venv\Lib\site-packages\alembic\script\base.py", line 168, in from_config
    script_location = config.get_main_option("script_location")
                      ^^^^^^^^^^^^^^^^^^^^^^^^^^^^^^^^^^^^^^^^^
  File "C:\project\youtube_anomaly_bot\.venv\Lib\site-packages\alembic\config.py", line 330, in get_main_option
    return self.get_section_option(self.config_ini_section, name, default)
           ^^^^^^^^^^^^^^^^^^^^^^^^^^^^^^^^^^^^^^^^^^^^^^^^^^^^^^^^^^^^^^^
  File "C:\project\youtube_anomaly_bot\.venv\Lib\site-packages\alembic\config.py", line 303, in get_section_option
    raise util.CommandError(
alembic.util.exc.CommandError: No config file 'c:\\project\\youtube_anomaly_bot\x07lembic.ini' found, or file has no '[alembic]' section

2026-06-18 17:46:00 | INFO     | __main__ | Starting YouTube Anomaly Bot
2026-06-18 17:46:00 | INFO     | __main__ | Database: sqlite+aiosqlite:///./data/bot.db
2026-06-18 17:46:00 | INFO     | __main__ | Admin IDs: [319415227]
2026-06-18 17:46:00 | INFO     | __main__ | Schedule: weekly
2026-06-18 17:46:00 | INFO     | __main__ | Applying Alembic migrations...
2026-06-18 17:46:00 | ERROR    | __main__ | Alembic migration failed: Traceback (most recent call last):
  File "<string>", line 11, in <module>
  File "C:\project\youtube_anomaly_bot\.venv\Lib\site-packages\alembic\command.py", line 386, in upgrade
    script = ScriptDirectory.from_config(config)
             ^^^^^^^^^^^^^^^^^^^^^^^^^^^^^^^^^^^
  File "C:\project\youtube_anomaly_bot\.venv\Lib\site-packages\alembic\script\base.py", line 168, in from_config
    script_location = config.get_main_option("script_location")
                      ^^^^^^^^^^^^^^^^^^^^^^^^^^^^^^^^^^^^^^^^^
  File "C:\project\youtube_anomaly_bot\.venv\Lib\site-packages\alembic\config.py", line 330, in get_main_option
    return self.get_section_option(self.config_ini_section, name, default)
           ^^^^^^^^^^^^^^^^^^^^^^^^^^^^^^^^^^^^^^^^^^^^^^^^^^^^^^^^^^^^^^^
  File "C:\project\youtube_anomaly_bot\.venv\Lib\site-packages\alembic\config.py", line 303, in get_section_option
    raise util.CommandError(
alembic.util.exc.CommandError: No config file 'c:\\project\\youtube_anomaly_bot\x07lembic.ini' found, or file has no '[alembic]' section

2026-09-20 18:40:04 | INFO     | __main__ | Starting YouTube Anomaly Bot
2026-09-20 18:40:04 | INFO     | __main__ | Database: sqlite+aiosqlite:///./data/bot.db
2026-09-20 18:40:04 | INFO     | __main__ | Admin IDs: [319415227]
2026-09-20 18:40:04 | INFO     | __main__ | Schedule: weekly
2026-09-20 18:40:04 | INFO     | __main__ | Applying Alembic migrations...
2026-09-20 18:40:05 | ERROR    | __main__ | Alembic migration failed: Traceback (most recent call last):
  File "<string>", line 11, in <module>
  File "C:\project\youtube_anomaly_bot\.venv\Lib\site-packages\alembic\command.py", line 386, in upgrade
    script = ScriptDirectory.from_config(config)
             ^^^^^^^^^^^^^^^^^^^^^^^^^^^^^^^^^^^
  File "C:\project\youtube_anomaly_bot\.venv\Lib\site-packages\alembic\script\base.py", line 168, in from_config
    script_location = config.get_main_option("script_location")
                      ^^^^^^^^^^^^^^^^^^^^^^^^^^^^^^^^^^^^^^^^^
  File "C:\project\youtube_anomaly_bot\.venv\Lib\site-packages\alembic\config.py", line 330, in get_main_option
    return self.get_section_option(self.config_ini_section, name, default)
           ^^^^^^^^^^^^^^^^^^^^^^^^^^^^^^^^^^^^^^^^^^^^^^^^^^^^^^^^^^^^^^^
  File "C:\project\youtube_anomaly_bot\.venv\Lib\site-packages\alembic\config.py", line 303, in get_section_option
    raise util.CommandError(
alembic.util.exc.CommandError: No config file 'c:\\project\\youtube_anomaly_bot\x07lembic.ini' found, or file has no '[alembic]' section

2026-09-20 18:40:25 | INFO     | __main__ | Starting YouTube Anomaly Bot
2026-09-20 18:40:25 | INFO     | __main__ | Database: sqlite+aiosqlite:///./data/bot.db
2026-09-20 18:40:25 | INFO     | __main__ | Admin IDs: [319415227]
2026-09-20 18:40:25 | INFO     | __main__ | Schedule: weekly
2026-09-20 18:40:25 | INFO     | __main__ | Applying Alembic migrations...
2026-09-20 18:40:25 | ERROR    | __main__ | Alembic migration failed: Traceback (most recent call last):
  File "<string>", line 11, in <module>
  File "C:\project\youtube_anomaly_bot\.venv\Lib\site-packages\alembic\command.py", line 386, in upgrade
    script = ScriptDirectory.from_config(config)
             ^^^^^^^^^^^^^^^^^^^^^^^^^^^^^^^^^^^
  File "C:\project\youtube_anomaly_bot\.venv\Lib\site-packages\alembic\script\base.py", line 168, in from_config
    script_location = config.get_main_option("script_location")
                      ^^^^^^^^^^^^^^^^^^^^^^^^^^^^^^^^^^^^^^^^^
  File "C:\project\youtube_anomaly_bot\.venv\Lib\site-packages\alembic\config.py", line 330, in get_main_option
    return self.get_section_option(self.config_ini_section, name, default)
           ^^^^^^^^^^^^^^^^^^^^^^^^^^^^^^^^^^^^^^^^^^^^^^^^^^^^^^^^^^^^^^^
  File "C:\project\youtube_anomaly_bot\.venv\Lib\site-packages\alembic\config.py", line 303, in get_section_option
    raise util.CommandError(
alembic.util.exc.CommandError: No config file 'c:\\project\\youtube_anomaly_bot\x07lembic.ini' found, or file has no '[alembic]' section

2026-09-20 18:42:37 | INFO     | __main__ | Starting YouTube Anomaly Bot
2026-09-20 18:42:38 | INFO     | __main__ | Database: sqlite+aiosqlite:///./data/bot.db
2026-09-20 18:42:38 | INFO     | __main__ | Admin IDs: [319415227]
2026-09-20 18:42:38 | INFO     | __main__ | Schedule: weekly
2026-09-20 18:42:38 | INFO     | __main__ | Applying Alembic migrations...
2026-09-20 18:42:38 | INFO     | __main__ | Alembic migrations applied successfully.
2026-09-20 18:42:38 | INFO     | bot.jobs.scheduler | Scheduler: weekly (Monday 09:00 UTC)
2026-09-20 18:42:38 | INFO     | apscheduler.scheduler | Adding job tentatively -- it will be properly scheduled when the scheduler starts
2026-09-20 18:42:38 | INFO     | apscheduler.scheduler | Added job "_run_analysis_job" to job store "default"
2026-09-20 18:42:38 | INFO     | apscheduler.scheduler | Scheduler started
2026-09-20 18:42:38 | INFO     | __main__ | Scheduler started.
2026-09-20 18:42:38 | INFO     | __main__ | Bot is running. Waiting for updates...
2026-09-20 18:42:38 | INFO     | aiogram.dispatcher | Start polling
2026-09-20 18:42:38 | INFO     | aiogram.dispatcher | Polling stopped
2026-09-20 18:42:39 | INFO     | __main__ | Bot stopped.
2026-09-20 18:42:39 | INFO     | apscheduler.scheduler | Scheduler has been shut down
2026-09-20 18:44:47 | INFO     | __main__ | Starting YouTube Anomaly Bot
2026-09-20 18:44:47 | INFO     | __main__ | Database: sqlite+aiosqlite:///./data/bot.db
2026-09-20 18:44:47 | INFO     | __main__ | Admin IDs: [319415227]
2026-09-20 18:44:47 | INFO     | __main__ | Schedule: weekly
2026-09-20 18:44:47 | INFO     | __main__ | Applying Alembic migrations...
2026-09-20 18:44:47 | INFO     | __main__ | Alembic migrations applied successfully.
2026-09-20 18:44:47 | INFO     | bot.jobs.scheduler | Scheduler: weekly (Monday 09:00 UTC)
2026-09-20 18:44:47 | INFO     | apscheduler.scheduler | Adding job tentatively -- it will be properly scheduled when the scheduler starts
2026-09-20 18:44:47 | INFO     | apscheduler.scheduler | Added job "_run_analysis_job" to job store "default"
2026-09-20 18:44:47 | INFO     | apscheduler.scheduler | Scheduler started
2026-09-20 18:44:47 | INFO     | __main__ | Scheduler started.
2026-09-20 18:44:47 | INFO     | __main__ | Bot is running. Waiting for updates...
2026-09-20 18:44:47 | INFO     | aiogram.dispatcher | Start polling
2026-09-20 18:45:08 | INFO     | aiogram.dispatcher | Polling stopped
2026-09-20 18:45:09 | INFO     | __main__ | Bot stopped.
2026-09-20 18:45:09 | INFO     | apscheduler.scheduler | Scheduler has been shut down
